===> Verifying dependencies...
===> Analyzing applications...
===> Compiling erlmcp_core
      ┌─ apps/erlmcp_core/src/erlmcp_server.erl:
      │
 1162 │                  {noreply, State};
      │                  ╰── Warning: a term is constructed, but never used

      ┌─ apps/erlmcp_core/src/erlmcp_server.erl:
      │
 1172 │                                  {noreply, State};
      │                                  ╰── Warning: a term is constructed, but never used

      ┌─ apps/erlmcp_core/src/erlmcp_server.erl:
      │
 1177 │                                  {noreply, State}
      │                                  ╰── Warning: a term is constructed, but never used

      ┌─ apps/erlmcp_core/src/erlmcp_server.erl:
      │
 1183 │                          {noreply, State}
      │                          ╰── Warning: a term is constructed, but never used


===> Compiling erlmcp_transports
===> Compiling apps/erlmcp_transports/src/erlmcp_transport_sse_manager.erl failed
    ┌─ apps/erlmcp_transports/src/erlmcp_transport_sse_manager.erl:
    │
 73 │  -spec init([binary(), map()]) -> {ok, #state{}}.
    │                        ╰── syntax error before: map


