===> Verifying dependencies...
===> Analyzing applications...
===> Compiling erlmcp_core
     ┌─ apps/erlmcp_core/src/erlmcp_auth.erl:
     │
 737 │                      {error, token_expired};
     │                      ╰── Warning: a term is constructed, but never used

     ┌─ apps/erlmcp_core/src/erlmcp_auth.erl:
     │
 746 │                      {error, token_not_yet_valid};
     │                      ╰── Warning: a term is constructed, but never used

     ┌─ apps/erlmcp_core/src/erlmcp_auth.erl:
     │
 758 │                      {error, invalid_issuer}
     │                      ╰── Warning: a term is constructed, but never used


      ┌─ apps/erlmcp_core/src/erlmcp_server.erl:
      │
 1152 │                  {noreply, State};
      │                  ╰── Warning: a term is constructed, but never used

      ┌─ apps/erlmcp_core/src/erlmcp_server.erl:
      │
 1162 │                                  {noreply, State};
      │                                  ╰── Warning: a term is constructed, but never used

      ┌─ apps/erlmcp_core/src/erlmcp_server.erl:
      │
 1167 │                                  {noreply, State}
      │                                  ╰── Warning: a term is constructed, but never used

      ┌─ apps/erlmcp_core/src/erlmcp_server.erl:
      │
 1173 │                          {noreply, State}
      │                          ╰── Warning: a term is constructed, but never used


===> Compiling erlmcp_transports
===> Compiling apps/erlmcp_transports/src/erlmcp_transport_discovery.erl failed
      ┌─ apps/erlmcp_transports/src/erlmcp_transport_discovery.erl:
      │
 1089 │  end.
      │  ╰── syntax error before: 'end'


